Archive member included to satisfy reference by file (symbol)

/usr/lib/gcc/arm-none-eabi/12.2.1/../../../arm-none-eabi/lib/thumb/v7-m/nofp/libg.a(lib_a-init.o)
                              build/CMSIS/startup_stm32f103xb.o (__libc_init_array)

Discarded input sections

 .text          0x00000000        0x0 build/src/main.o
 .data          0x00000000        0x0 build/src/main.o
 .bss           0x00000000        0x0 build/src/main.o
 .text          0x00000000        0x0 build/CMSIS/syscalls.o
 .data          0x00000000        0x0 build/CMSIS/syscalls.o
 .bss           0x00000000        0x0 build/CMSIS/syscalls.o
 .text._exit    0x00000000        0xc build/CMSIS/syscalls.o
 .text._close   0x00000000       0x16 build/CMSIS/syscalls.o
 .text._fstat   0x00000000       0x1e build/CMSIS/syscalls.o
 .text._isatty  0x00000000       0x14 build/CMSIS/syscalls.o
 .text._lseek   0x00000000       0x18 build/CMSIS/syscalls.o
 .text._read    0x00000000       0x18 build/CMSIS/syscalls.o
 .text._write   0x00000000       0x18 build/CMSIS/syscalls.o
 .text          0x00000000        0x0 build/CMSIS/system_stm32f1xx.o
 .data          0x00000000        0x0 build/CMSIS/system_stm32f1xx.o
 .bss           0x00000000        0x0 build/CMSIS/system_stm32f1xx.o
 .rodata.AHBPrescTable
                0x00000000       0x10 build/CMSIS/system_stm32f1xx.o
 .rodata.APBPrescTable
                0x00000000        0x8 build/CMSIS/system_stm32f1xx.o
 .text.SystemCoreClockUpdate
                0x00000000       0xe4 build/CMSIS/system_stm32f1xx.o
 .text          0x00000000       0x14 build/CMSIS/startup_stm32f103xb.o
 .data          0x00000000        0x0 build/CMSIS/startup_stm32f103xb.o
 .bss           0x00000000        0x0 build/CMSIS/startup_stm32f103xb.o
 .data          0x00000000        0x0 /usr/lib/gcc/arm-none-eabi/12.2.1/../../../arm-none-eabi/lib/thumb/v7-m/nofp/libg.a(lib_a-init.o)
 .bss           0x00000000        0x0 /usr/lib/gcc/arm-none-eabi/12.2.1/../../../arm-none-eabi/lib/thumb/v7-m/nofp/libg.a(lib_a-init.o)

Memory Configuration

Name             Origin             Length             Attributes
FLASH            0x08000000         0x00020000         xr
RAM              0x20000000         0x00005000         xrw
*default*        0x00000000         0xffffffff

Linker script and memory map

LOAD build/src/main.o
LOAD build/CMSIS/syscalls.o
LOAD build/CMSIS/system_stm32f1xx.o
LOAD build/CMSIS/startup_stm32f103xb.o
START GROUP
LOAD /usr/lib/gcc/arm-none-eabi/12.2.1/thumb/v7-m/nofp/libgcc.a
LOAD /usr/lib/gcc/arm-none-eabi/12.2.1/../../../arm-none-eabi/lib/thumb/v7-m/nofp/libg.a
LOAD /usr/lib/gcc/arm-none-eabi/12.2.1/../../../arm-none-eabi/lib/thumb/v7-m/nofp/libc.a
END GROUP
                0x20004fff                        _estack = 0x20004fff
                0x00000200                        _Min_Heap_Size = 0x200
                0x00000400                        _Min_Stack_Size = 0x400

.isr_vector     0x08000000      0x10c
                0x08000000                        . = ALIGN (0x4)
 *(.isr_vector)
 .isr_vector    0x08000000      0x10c build/CMSIS/startup_stm32f103xb.o
                0x08000000                g_pfnVectors
                0x0800010c                        . = ALIGN (0x4)

.text           0x0800010c      0x5e0
                0x0800010c                        . = ALIGN (0x4)
 *(.text)
 .text          0x0800010c       0x50 /usr/lib/gcc/arm-none-eabi/12.2.1/../../../arm-none-eabi/lib/thumb/v7-m/nofp/libg.a(lib_a-init.o)
                0x0800010c                __libc_init_array
 *(.text*)
 .text.__NVIC_EnableIRQ
                0x0800015c       0x38 build/src/main.o
 .text.main     0x08000194      0x1a4 build/src/main.o
                0x08000194                main
 .text.gpio_init
                0x08000338       0x74 build/src/main.o
 .text.adc_init
                0x080003ac       0x94 build/src/main.o
 .text.usart1_init
                0x08000440       0xa4 build/src/main.o
 .text.usart1_send_char
                0x080004e4       0x2c build/src/main.o
 .text.usart1_send_string
                0x08000510       0x2c build/src/main.o
 .text.USART1_IRQHandler
                0x0800053c       0x34 build/src/main.o
                0x0800053c                USART1_IRQHandler
 .text.HardFault_Handler
                0x08000570       0x50 build/src/main.o
                0x08000570                HardFault_Handler
 .text._init    0x080005c0        0xc build/CMSIS/syscalls.o
                0x080005c0                _init
 .text.SystemInit
                0x080005cc       0xd4 build/CMSIS/system_stm32f1xx.o
                0x080005cc                SystemInit
 .text.Reset_Handler
                0x080006a0       0x48 build/CMSIS/startup_stm32f103xb.o
                0x080006a0                Reset_Handler
 .text.Default_Handler
                0x080006e8        0x2 build/CMSIS/startup_stm32f103xb.o
                0x080006e8                RTC_Alarm_IRQHandler
                0x080006e8                EXTI2_IRQHandler
                0x080006e8                DebugMon_Handler
                0x080006e8                TIM1_CC_IRQHandler
                0x080006e8                SysTick_Handler
                0x080006e8                PVD_IRQHandler
                0x080006e8                PendSV_Handler
                0x080006e8                NMI_Handler
                0x080006e8                EXTI3_IRQHandler
                0x080006e8                EXTI0_IRQHandler
                0x080006e8                I2C2_EV_IRQHandler
                0x080006e8                UsageFault_Handler
                0x080006e8                ADC1_2_IRQHandler
                0x080006e8                SPI1_IRQHandler
                0x080006e8                TAMPER_IRQHandler
                0x080006e8                DMA1_Channel4_IRQHandler
                0x080006e8                USART3_IRQHandler
                0x080006e8                RTC_IRQHandler
                0x080006e8                DMA1_Channel7_IRQHandler
                0x080006e8                CAN1_RX1_IRQHandler
                0x080006e8                TIM4_IRQHandler
                0x080006e8                I2C1_EV_IRQHandler
                0x080006e8                DMA1_Channel6_IRQHandler
                0x080006e8                TIM3_IRQHandler
                0x080006e8                RCC_IRQHandler
                0x080006e8                TIM1_TRG_COM_IRQHandler
                0x080006e8                DMA1_Channel1_IRQHandler
                0x080006e8                Default_Handler
                0x080006e8                EXTI15_10_IRQHandler
                0x080006e8                EXTI9_5_IRQHandler
                0x080006e8                SPI2_IRQHandler
                0x080006e8                MemManage_Handler
                0x080006e8                SVC_Handler
                0x080006e8                DMA1_Channel5_IRQHandler
                0x080006e8                EXTI4_IRQHandler
                0x080006e8                USB_LP_CAN1_RX0_IRQHandler
                0x080006e8                USB_HP_CAN1_TX_IRQHandler
                0x080006e8                DMA1_Channel3_IRQHandler
                0x080006e8                TIM1_UP_IRQHandler
                0x080006e8                WWDG_IRQHandler
                0x080006e8                TIM2_IRQHandler
                0x080006e8                TIM1_BRK_IRQHandler
                0x080006e8                EXTI1_IRQHandler
                0x080006e8                USART2_IRQHandler
                0x080006e8                I2C2_ER_IRQHandler
                0x080006e8                DMA1_Channel2_IRQHandler
                0x080006e8                CAN1_SCE_IRQHandler
                0x080006e8                FLASH_IRQHandler
                0x080006e8                BusFault_Handler
                0x080006e8                I2C1_ER_IRQHandler
                0x080006e8                USBWakeUp_IRQHandler
 *(.glue_7)
 .glue_7        0x080006ea        0x0 linker stubs
 *(.glue_7t)
 .glue_7t       0x080006ea        0x0 linker stubs
 *(.eh_frame)
 *(.init)
 *(.fini)
                0x080006ec                        . = ALIGN (0x4)
 *fill*         0x080006ea        0x2 
                0x080006ec                        _etext = .

.vfp11_veneer   0x080006ec        0x0
 .vfp11_veneer  0x080006ec        0x0 linker stubs

.v4_bx          0x080006ec        0x0
 .v4_bx         0x080006ec        0x0 linker stubs

.iplt           0x080006ec        0x0
 .iplt          0x080006ec        0x0 build/src/main.o

.rodata         0x080006ec       0xc4
                0x080006ec                        . = ALIGN (0x4)
 *(.rodata)
 .rodata        0x080006ec       0xc3 build/src/main.o
 *(.rodata*)
                0x080007b0                        . = ALIGN (0x4)
 *fill*         0x080007af        0x1 

.rel.dyn        0x080007b0        0x0
 .rel.iplt      0x080007b0        0x0 build/src/main.o

.ARM.extab
 *(.ARM.extab* .gnu.linkonce.armextab.*)

.ARM            0x080007b0        0x0
                0x080007b0                        __exidx_start = .
 *(.ARM.exidx*)
                0x080007b0                        __exidx_end = .

.preinit_array  0x080007b0        0x0
                0x080007b0                        PROVIDE (__preinit_array_start = .)
 *(.preinit_array*)
                0x080007b0                        PROVIDE (__preinit_array_end = .)

.init_array     0x080007b0        0x0
                0x080007b0                        PROVIDE (__init_array_start = .)
 *(SORT_BY_NAME(.init_array.*))
 *(.init_array*)
                0x080007b0                        PROVIDE (__init_array_end = .)

.fini_array     0x080007b0        0x0
                [!provide]                        PROVIDE (__fini_array_start = .)
 *(SORT_BY_NAME(.fini_array.*))
 *(.fini_array*)
                [!provide]                        PROVIDE (__fini_array_end = .)
                0x080007b0                        _sidata = LOADADDR (.data)

.data           0x20000000        0x4 load address 0x080007b0
                0x20000000                        . = ALIGN (0x4)
                0x20000000                        _sdata = .
 *(.data)
 *(.data*)
 .data.SystemCoreClock
                0x20000000        0x4 build/CMSIS/system_stm32f1xx.o
                0x20000000                SystemCoreClock
                0x20000004                        . = ALIGN (0x4)
                0x20000004                        _edata = .

.igot.plt       0x20000004        0x0 load address 0x080007b4
 .igot.plt      0x20000004        0x0 build/src/main.o
                0x20000004                        . = ALIGN (0x4)

.bss            0x20000004        0x4 load address 0x080007b4
                0x20000004                        _sbss = .
                0x20000004                        __bss_start__ = _sbss
 *(.bss)
 *(.bss*)
 .bss.modo_adc  0x20000004        0x1 build/src/main.o
                0x20000004                modo_adc
 .bss.comando   0x20000005        0x1 build/src/main.o
                0x20000005                comando
 .bss.comando_recibido
                0x20000006        0x1 build/src/main.o
                0x20000006                comando_recibido
 *(COMMON)
                0x20000008                        . = ALIGN (0x4)
 *fill*         0x20000007        0x1 
                0x20000008                        _ebss = .
                0x20000008                        __bss_end__ = _ebss

._user_heap_stack
                0x20000008      0x600 load address 0x080007b4
                0x20000008                        . = ALIGN (0x8)
                [!provide]                        PROVIDE (end = .)
                [!provide]                        PROVIDE (_end = .)
                0x20000208                        . = (. + _Min_Heap_Size)
 *fill*         0x20000008      0x200 
                0x20000608                        . = (. + _Min_Stack_Size)
 *fill*         0x20000208      0x400 
                0x20000608                        . = ALIGN (0x8)

/DISCARD/
 libc.a(*)
 libm.a(*)
 libgcc.a(*)

.ARM.attributes
                0x00000000       0x2b
 *(.ARM.attributes)
 .ARM.attributes
                0x00000000       0x2d build/src/main.o
 .ARM.attributes
                0x0000002d       0x2d build/CMSIS/syscalls.o
 .ARM.attributes
                0x0000005a       0x2d build/CMSIS/system_stm32f1xx.o
 .ARM.attributes
                0x00000087       0x21 build/CMSIS/startup_stm32f103xb.o
 .ARM.attributes
                0x000000a8       0x2d /usr/lib/gcc/arm-none-eabi/12.2.1/../../../arm-none-eabi/lib/thumb/v7-m/nofp/libg.a(lib_a-init.o)
OUTPUT(build/app.elf elf32-littlearm)
LOAD linker stubs
LOAD /usr/lib/gcc/arm-none-eabi/12.2.1/../../../arm-none-eabi/lib/thumb/v7-m/nofp/libc.a
LOAD /usr/lib/gcc/arm-none-eabi/12.2.1/../../../arm-none-eabi/lib/thumb/v7-m/nofp/libm.a
LOAD /usr/lib/gcc/arm-none-eabi/12.2.1/thumb/v7-m/nofp/libgcc.a

.debug_info     0x00000000      0xec4
 .debug_info    0x00000000      0x70f build/src/main.o
 .debug_info    0x0000070f      0x405 build/CMSIS/syscalls.o
 .debug_info    0x00000b14      0x275 build/CMSIS/system_stm32f1xx.o
 .debug_info    0x00000d89       0x30 build/CMSIS/startup_stm32f103xb.o
 .debug_info    0x00000db9      0x10b /usr/lib/gcc/arm-none-eabi/12.2.1/../../../arm-none-eabi/lib/thumb/v7-m/nofp/libg.a(lib_a-init.o)

.debug_abbrev   0x00000000      0x596
 .debug_abbrev  0x00000000      0x275 build/src/main.o
 .debug_abbrev  0x00000275       0xf0 build/CMSIS/syscalls.o
 .debug_abbrev  0x00000365      0x144 build/CMSIS/system_stm32f1xx.o
 .debug_abbrev  0x000004a9       0x24 build/CMSIS/startup_stm32f103xb.o
 .debug_abbrev  0x000004cd       0xc9 /usr/lib/gcc/arm-none-eabi/12.2.1/../../../arm-none-eabi/lib/thumb/v7-m/nofp/libg.a(lib_a-init.o)

.debug_aranges  0x00000000      0x128
 .debug_aranges
                0x00000000       0x60 build/src/main.o
 .debug_aranges
                0x00000060       0x58 build/CMSIS/syscalls.o
 .debug_aranges
                0x000000b8       0x28 build/CMSIS/system_stm32f1xx.o
 .debug_aranges
                0x000000e0       0x28 build/CMSIS/startup_stm32f103xb.o
 .debug_aranges
                0x00000108       0x20 /usr/lib/gcc/arm-none-eabi/12.2.1/../../../arm-none-eabi/lib/thumb/v7-m/nofp/libg.a(lib_a-init.o)

.debug_rnglists
                0x00000000       0xb7
 .debug_rnglists
                0x00000000       0x46 build/src/main.o
 .debug_rnglists
                0x00000046       0x3d build/CMSIS/syscalls.o
 .debug_rnglists
                0x00000083       0x1b build/CMSIS/system_stm32f1xx.o
 .debug_rnglists
                0x0000009e       0x19 build/CMSIS/startup_stm32f103xb.o

.debug_line     0x00000000      0x84d
 .debug_line    0x00000000      0x35f build/src/main.o
 .debug_line    0x0000035f      0x16e build/CMSIS/syscalls.o
 .debug_line    0x000004cd      0x1dc build/CMSIS/system_stm32f1xx.o
 .debug_line    0x000006a9       0x78 build/CMSIS/startup_stm32f103xb.o
 .debug_line    0x00000721      0x12c /usr/lib/gcc/arm-none-eabi/12.2.1/../../../arm-none-eabi/lib/thumb/v7-m/nofp/libg.a(lib_a-init.o)

.debug_str      0x00000000      0x92b
 .debug_str     0x00000000      0x5ae build/src/main.o
                                0x5fd (size before relaxing)
 .debug_str     0x000005ae      0x159 build/CMSIS/syscalls.o
                                0x2c9 (size before relaxing)
 .debug_str     0x00000707       0xa2 build/CMSIS/system_stm32f1xx.o
                                0x210 (size before relaxing)
 .debug_str     0x000007a9       0x36 build/CMSIS/startup_stm32f103xb.o
                                 0x50 (size before relaxing)
 .debug_str     0x000007df      0x14c /usr/lib/gcc/arm-none-eabi/12.2.1/../../../arm-none-eabi/lib/thumb/v7-m/nofp/libg.a(lib_a-init.o)
                                0x1ee (size before relaxing)

.comment        0x00000000       0x26
 .comment       0x00000000       0x26 build/src/main.o
                                 0x27 (size before relaxing)
 .comment       0x00000026       0x27 build/CMSIS/syscalls.o
 .comment       0x00000026       0x27 build/CMSIS/system_stm32f1xx.o
 .comment       0x00000026       0x27 /usr/lib/gcc/arm-none-eabi/12.2.1/../../../arm-none-eabi/lib/thumb/v7-m/nofp/libg.a(lib_a-init.o)

.debug_frame    0x00000000      0x304
 .debug_frame   0x00000000      0x144 build/src/main.o
 .debug_frame   0x00000144      0x13c build/CMSIS/syscalls.o
 .debug_frame   0x00000280       0x58 build/CMSIS/system_stm32f1xx.o
 .debug_frame   0x000002d8       0x2c /usr/lib/gcc/arm-none-eabi/12.2.1/../../../arm-none-eabi/lib/thumb/v7-m/nofp/libg.a(lib_a-init.o)

.debug_line_str
                0x00000000       0x36
 .debug_line_str
                0x00000000       0x36 build/CMSIS/startup_stm32f103xb.o

.debug_loclists
                0x00000000       0x65
 .debug_loclists
                0x00000000       0x65 /usr/lib/gcc/arm-none-eabi/12.2.1/../../../arm-none-eabi/lib/thumb/v7-m/nofp/libg.a(lib_a-init.o)
